// 重构日志: a41af3e7
// 重构日志: da3520ef
// 重构日志: 51b03229
// 重构日志: c035c66f
// 同步 ID: ceb6e7d1 @ Mon Jul 20 16:53:13 UTC 2026
// 重构日志: c10bd84a
// 重构日志: a324de44
// 重构日志: 44723870
// 同步 ID: 07d25aca @ Wed Jul 22 07:58:56 UTC 2026
// 重构日志: 900c88da
// 同步 ID: 803f0e54 @ Thu Jul 23 01:04:48 UTC 2026
// 同步 ID: e63744b3 @ Thu Jul 23 16:51:57 UTC 2026
// 重构日志: e3703752
// 同步 ID: 01886a2c @ Fri Jul 24 20:42:00 UTC 2026
// 同步 ID: 750f5b95 @ Sat Jul 25 08:30:56 UTC 2026
// 重构日志: 846a8862
// 同步 ID: 58e9b9c1 @ Sun Jul 26 15:18:11 UTC 2026
// 重构日志: 39c1cd0e
// 同步 ID: 01b82242 @ Wed Jul 29 16:05:58 UTC 2026
// 重构日志: 877e4e1e
